+ sudo chown -R build:build /workdir/aur-pkgs
+ PIKAUR_CMD='PKGDEST=/workdir/aur-pkgs pikaur --noconfirm --build-gpgdir /etc/pacman.d/gnupg -S -P /workdir/python-pyglet/PKGBUILD'
+ PIKAUR_RUN=(bash -c "${PIKAUR_CMD}")
+ bash -c 'PKGDEST=/workdir/aur-pkgs pikaur --noconfirm --build-gpgdir /etc/pacman.d/gnupg -S -P /workdir/python-pyglet/PKGBUILD'
Reading local package database...
Resolving AUR dependencies...
Reading repository package databases...
looking for conflicting AUR packages...
🚛 Skipping review of PKGBUILD for python-pyglet package (--noconfirm)
Not showing diff for python-pyglet package (--noconfirm)

Reading local package database...

🚛 Starting the build:
==> Making package: python-pyglet 2.1.13-2 (Sun May 10 18:27:21 2026)
==> Checking runtime dependencies...
==> Checking buildtime dependencies...
==> Retrieving sources...
  -> Downloading pyglet-2.1.13-py3-none-any.whl...
  % Total    % Received % Xferd  Average Speed  Time    Time    Time   Current
                                 Dload  Upload  Total   Spent   Left   Speed
  0      0   0      0   0      0      0      0                              0  0      0   0      0   0      0      0      0                              0  0      0   0      0   0      0      0      0                              0
  0      0   0      0   0      0      0      0                              0100  0.98M 100  0.98M   0      0  1.92M      0                              0100  0.98M 100  0.98M   0      0  1.92M      0                              0100  0.98M 100  0.98M   0      0  1.92M      0                              0
==> Validating source files with sha256sums...
    pyglet-2.1.13-py3-none-any.whl ... Skipped
==> Extracting sources...
  -> Extracting pyglet-2.1.13-py3-none-any.whl with bsdtar
==> Entering fakeroot environment...
==> Starting package()...
==> Tidying install...
  -> Removing libtool files...
  -> Removing static library files...
  -> Purging unwanted files...
  -> Stripping unneeded symbols from binaries and libraries...
  -> Compressing man and info pages...
==> Checking for packaging issues...
==> Creating package "python-pyglet"...
  -> Generating .PKGINFO file...
  -> Generating .BUILDINFO file...
  -> Generating .MTREE file...
  -> Compressing package...
==> Leaving fakeroot environment.
==> Finished making: python-pyglet 2.1.13-2 (Sun May 10 18:27:30 2026)

+ find /workdir/aur-pkgs/ayaneo-platform-dkms-git-v0.3.5.r0.geb849d5-1-x86_64.pkg.tar.zst /workdir/aur-pkgs/ayn-platform-dkms-git-v0.5.2.r3.g9813128-1-x86_64.pkg.tar.zst /workdir/aur-pkgs/boxtron-0.5.4-1-x86_64.pkg.tar.zst /workdir/aur-pkgs/chimeraos-device-quirks-git-r267.ee8e666-1-any.pkg.tar.zst /workdir/aur-pkgs/downgrade-12.0.1-1-any.pkg.tar.zst /workdir/aur-pkgs/evdev-keepalive-v0.0.2.r1.gf5f0286-1-x86_64.pkg.tar.zst /workdir/aur-pkgs/f3-10.0-1-x86_64.pkg.tar.zst /workdir/aur-pkgs/frzr-0.16.0-1-any.pkg.tar.zst /workdir/aur-pkgs/gamescope-session-git-r339.b5c2d0d-1-any.pkg.tar.zst /workdir/aur-pkgs/hhfc-git-0.2.1.r0.g8892467-1-any.pkg.tar.zst /workdir/aur-pkgs/hid-msi-claw-dkms-git-0.0.2-1-x86_64.pkg.tar.zst /workdir/aur-pkgs/legendary-0.20.34-3-any.pkg.tar.zst /workdir/aur-pkgs/linux-firmware-valve-20250807-1-any.pkg.tar.zst /workdir/aur-pkgs/nintendo-udev-1.0.0-1-any.pkg.tar.zst /workdir/aur-pkgs/oras-1.3.2-1-x86_64.pkg.tar.zst /workdir/aur-pkgs/pikaur-1.33.3-1-any.pkg.tar.zst /workdir/aur-pkgs/powerstation-bin-v0.7.0-1-x86_64.pkg.tar.zst /workdir/aur-pkgs/python-crccheck-1.3.0-1-any.pkg.tar.zst /workdir/aur-pkgs/python-gbopyrator-0.5-3-any.pkg.tar.zst /workdir/aur-pkgs/python-inotify-simple-2.0.1-5-any.pkg.tar.zst /workdir/aur-pkgs/python-pyglet-2.1.13-2-any.pkg.tar.zst /workdir/aur-pkgs/rtl8812au-dkms-git-5.13.6.r68.g1be3d39-1-x86_64.pkg.tar.zst /workdir/aur-pkgs/rtl8814au-dkms-git-5.8.5.1.r206.gb1866ce-1-x86_64.pkg.tar.zst /workdir/aur-pkgs/rtl8821au-dkms-git-5.12.5.2.r250.g0afd9ba-1-x86_64.pkg.tar.zst /workdir/aur-pkgs/steam-powerbuttond-git-26.05.r22.8075c48-1-any.pkg.tar.zst /workdir/aur-pkgs/wyvern-1.4.1-3-x86_64.pkg.tar.zst /workdir/aur-pkgs/xpadneo-dkms-git-0.11.pre.r42.gb514bd4-1-any.pkg.tar.zst -type f -name '*:*' -execdir bash -c 'mv "$1" "${1//:/--}"' bash '{}' ';'
