Reading repository package databases...
Reading local package database...
Resolving AUR dependencies...
🚛 Skipping review of PKGBUILD for zenergy-dkms-git package (--noconfirm)
Not showing diff for zenergy-dkms-git package (--noconfirm)
🚛 Skipping review of PKGBUILD for steam-removable-media-git package (--noconfirm)
Not showing diff for steam-removable-media-git package (--noconfirm)
🚛 Skipping review of PKGBUILD for python-pyglet package (--noconfirm)
Not showing diff for python-pyglet package (--noconfirm)
🚛 Skipping review of PKGBUILD for chimera package (--noconfirm)
Not showing diff for chimera package (--noconfirm)
Not showing diff for legendary package (--noconfirm)
🚛 Skipping review of PKGBUILD for legendary package (--noconfirm)
Not showing diff for ryzenadj-git package (--noconfirm)
🚛 Skipping review of PKGBUILD for ryzenadj-git package (--noconfirm)
🚛 Skipping review of PKGBUILD for f3 package (--noconfirm)
Not showing diff for f3 package (--noconfirm)
Not showing diff for gpd-fan-driver-dkms-git package (--noconfirm)
🚛 Skipping review of PKGBUILD for gpd-fan-driver-dkms-git package (--noconfirm)
🚛 Skipping review of gpd-fan-driver.install for gpd-fan-driver-dkms-git package (--noconfirm)
🚛 Skipping review of PKGBUILD for python-inotify-simple package (--noconfirm)
Not showing diff for python-inotify-simple package (--noconfirm)
🚛 Skipping review of PKGBUILD for python-gbopyrator package (--noconfirm)
Not showing diff for python-gbopyrator package (--noconfirm)
🚛 Skipping review of PKGBUILD for python-crccheck package (--noconfirm)
Not showing diff for python-crccheck package (--noconfirm)

resolving dependencies...

Packages (1) python-vdf-4.0-5

Total Download Size:  0.02 MiB

:: Proceed with download? [Y/n] 
:: Retrieving packages...
 python-vdf-4.0-5-any downloading...
checking keyring...
checking package integrity...
Reading local package database...
🚛 Package python-inotify-simple is already built. Pass '--rebuild' flag to force the build.

Reading local package database...
🚛 Installing repository dependencies for python-pyglet:
resolving dependencies...
looking for conflicting packages...

Packages (41) aom-3.13.3-1  dav1d-1.5.3-1  default-cursors-3-1
              freetype2-2.14.3-1  fribidi-1.0.16-2
              gobject-introspection-runtime-1.86.0-2  graphite-1:1.3.14-6
              harfbuzz-14.2.0-1  jbigkit-2.1-8  lcms2-2.19.1-1  libavif-1.4.1-1
              libdeflate-1.25-1  libdrm-2.4.133-1  libedit-20251016_3.1-1
              libgirepository-1.86.0-2  libglvnd-1.7.0-3  libimagequant-4.4.1-2
              libjpeg-turbo-3.1.4.1-1  libpciaccess-0.19-1  libpng-1.6.58-1
              libraqm-0.10.5-1  libtiff-4.7.1-2  libunwind-1.8.2-1
              libwebp-1.6.0-2  libx11-1.8.13-1  libxext-1.3.7-1
              libxshmfence-1.3.3-1  libxxf86vm-1.1.7-1
              libyuv-r2426+464c51a03-1  llvm-libs-22.1.3-1
              lm_sensors-1:3.6.2-1  mesa-1:26.0.6-1  openjpeg2-2.5.4-1
              rav1e-0.8.1-2  spirv-tools-1:1.4.341.0-2  svt-av1-4.1.0-1
              wayland-1.25.0-1  glu-9.0.3-3  gstreamer-1.28.2-1
              python-gobject-3.56.2-1  python-pillow-12.2.0-1

Total Download Size:    73.89 MiB
Total Installed Size:  309.02 MiB

:: Proceed with installation? [Y/n] 
:: Retrieving packages...
 llvm-libs-22.1.3-1-x86_64 downloading...
 mesa-1:26.0.6-1-x86_64 downloading...
 aom-3.13.3-1-x86_64 downloading...
 gstreamer-1.28.2-1-x86_64 downloading...
 libx11-1.8.13-1-x86_64 downloading...
 svt-av1-4.1.0-1-x86_64 downloading...
 spirv-tools-1:1.4.341.0-2-x86_64 downloading...
 rav1e-0.8.1-2-x86_64 downloading...
 harfbuzz-14.2.0-1-x86_64 downloading...
 python-pillow-12.2.0-1-x86_64 downloading...
 openjpeg2-2.5.4-1-x86_64 downloading...
 dav1d-1.5.3-1-x86_64 downloading...
 libjpeg-turbo-3.1.4.1-1-x86_64 downloading...
 freetype2-2.14.3-1-x86_64 downloading...
 libtiff-4.7.1-2-x86_64 downloading...
 libdrm-2.4.133-1-x86_64 downloading...
 libwebp-1.6.0-2-x86_64 downloading...
 libglvnd-1.7.0-3-x86_64 downloading...
 python-gobject-3.56.2-1-x86_64 downloading...
 libyuv-r2426+464c51a03-1-x86_64 downloading...
 libavif-1.4.1-1-x86_64 downloading...
 libimagequant-4.4.1-2-x86_64 downloading...
 libpng-1.6.58-1-x86_64 downloading...
 lcms2-2.19.1-1-x86_64 downloading...
 glu-9.0.3-3-x86_64 downloading...
 libgirepository-1.86.0-2-x86_64 downloading...
 wayland-1.25.0-1-x86_64 downloading...
 lm_sensors-1:3.6.2-1-x86_64 downloading...
 libunwind-1.8.2-1-x86_64 downloading...
 libedit-20251016_3.1-1-x86_64 downloading...
 libxext-1.3.7-1-x86_64 downloading...
 graphite-1:1.3.14-6-x86_64 downloading...
 fribidi-1.0.16-2-x86_64 downloading...
 libdeflate-1.25-1-x86_64 downloading...
 jbigkit-2.1-8-x86_64 downloading...
 gobject-introspection-runtime-1.86.0-2-x86_64 downloading...
 libraqm-0.10.5-1-x86_64 downloading...
 libpciaccess-0.19-1-x86_64 downloading...
 libxxf86vm-1.1.7-1-x86_64 downloading...
 libxshmfence-1.3.3-1-x86_64 downloading...
 default-cursors-3-1-any downloading...
checking keyring...
checking package integrity...
loading package files...
checking for file conflicts...
:: Processing package changes...
installing libpng...
installing freetype2...
Optional dependencies for freetype2
    harfbuzz: Improved autohinting [pending]
installing libjpeg-turbo...
Optional dependencies for libjpeg-turbo
    java-runtime>11: for TurboJPEG Java wrapper
installing jbigkit...
installing libdeflate...
installing libwebp...
Optional dependencies for libwebp
    libwebp-utils: WebP conversion and inspection tools
installing libtiff...
Optional dependencies for libtiff
    freeglut: for using tiffgt
installing lcms2...
installing aom...
installing dav1d...
Optional dependencies for dav1d
    dav1d-doc: HTML documentation
installing libyuv...
installing rav1e...
installing svt-av1...
installing libavif...
installing fribidi...
installing graphite...
Optional dependencies for graphite
    graphite-docs: Documentation
installing harfbuzz...
Optional dependencies for harfbuzz
    harfbuzz-utils: utilities
installing libraqm...
installing openjpeg2...
installing libimagequant...
installing python-pillow...
Optional dependencies for python-pillow
    libwebp: for webp images [installed]
    tk: for the ImageTK module
    python-olefile: OLE2 file support
    python-pyqt6: for the ImageQt module
    python-defusedxml: for reading XMP tags
installing libunwind...
installing gstreamer...
Optional dependencies for gstreamer
    python: gst-plugins-doc-cache-generator [installed]
installing libgirepository...
installing gobject-introspection-runtime...
installing python-gobject...
Optional dependencies for python-gobject
    python-cairo: Cairo bindings
installing libx11...
installing libxext...
installing libpciaccess...
installing libdrm...
Optional dependencies for libdrm
    cairo: needed for modetest tool
installing libxshmfence...
installing libxxf86vm...
installing libedit...
installing llvm-libs...
installing lm_sensors...
Optional dependencies for lm_sensors
    rrdtool: for logging with sensord
    perl: for sensor detection and configuration convert [installed]
installing spirv-tools...
installing default-cursors...
Optional dependencies for default-cursors
    adwaita-cursors: default cursor theme
installing wayland...
installing mesa...
Optional dependencies for mesa
    opengl-man-pages: for the OpenGL API man pages
installing libglvnd...
installing glu...
:: Running post-transaction hooks...
(1/2) Reloading system manager configuration...
  Skipped: Current root is not booted.
(2/2) Arming ConditionNeedsUpdate...
Reading local package database...

🚛 Starting the build:
==> Making package: pyglet 2.1.13-1 (Sun May 10 14:50:10 2026)
==> Checking runtime dependencies...
==> Checking buildtime dependencies...
==> Retrieving sources...
  -> Downloading pyglet-2.1.13.zip...
  % Total    % Received % Xferd  Average Speed  Time    Time    Time   Current
                                 Dload  Upload  Total   Spent   Left   Speed
  0      0   0      0   0      0      0      0                              0  0      0   0      0   0      0      0      0           00:01              0  0      0   0      0   0      0      0      0           00:01              0
  0      0   0      0   0      0      0      0           00:01              0100 966.6k   0 966.6k   0      0 402.6k      0           00:02         960.7k100  5.67M   0  5.67M   0      0  1.66M      0           00:03          2.82M100  6.55M   0  6.55M   0      0  1.87M      0           00:03          2.82M100  6.55M   0  6.55M   0      0  1.87M      0           00:03          2.82M100  6.55M   0  6.55M   0      0  1.87M      0           00:03          2.82M
==> Validating source files with sha256sums...
    pyglet-2.1.13.zip ... Passed
==> Extracting sources...
  -> Extracting pyglet-2.1.13.zip with bsdtar
==> Starting prepare()...
==> Starting build()...
* Getting build dependencies for wheel...

ERROR Missing dependencies:
	flit_core<4,>=3.2
==> ERROR: A failure occurred in build().
    Aborting...

Command 'sudo --user=#1000 --preserve-env=PKGDEST -- makepkg --force --nocolor' failed to execute.
🚛 Removing already installed dependencies for python-pyglet:
checking dependencies...

Packages (41) aom-3.13.3-1  dav1d-1.5.3-1  default-cursors-3-1
              freetype2-2.14.3-1  fribidi-1.0.16-2  glu-9.0.3-3
              gobject-introspection-runtime-1.86.0-2  graphite-1:1.3.14-6
              gstreamer-1.28.2-1  harfbuzz-14.2.0-1  jbigkit-2.1-8
              lcms2-2.19.1-1  libavif-1.4.1-1  libdeflate-1.25-1
              libdrm-2.4.133-1  libedit-20251016_3.1-1
              libgirepository-1.86.0-2  libglvnd-1.7.0-3  libimagequant-4.4.1-2
              libjpeg-turbo-3.1.4.1-1  libpciaccess-0.19-1  libpng-1.6.58-1
              libraqm-0.10.5-1  libtiff-4.7.1-2  libunwind-1.8.2-1
              libwebp-1.6.0-2  libx11-1.8.13-1  libxext-1.3.7-1
              libxshmfence-1.3.3-1  libxxf86vm-1.1.7-1
              libyuv-r2426+464c51a03-1  llvm-libs-22.1.3-1
              lm_sensors-1:3.6.2-1  mesa-1:26.0.6-1  openjpeg2-2.5.4-1
              python-gobject-3.56.2-1  python-pillow-12.2.0-1  rav1e-0.8.1-2
              spirv-tools-1:1.4.341.0-2  svt-av1-4.1.0-1  wayland-1.25.0-1

Total Removed Size:  309.02 MiB

:: Do you want to remove these packages? [Y/n] 
:: Processing package changes...
removing python-pillow...
removing openjpeg2...
removing lcms2...
removing libtiff...
removing libdeflate...
removing gstreamer...
removing glu...
removing python-gobject...
removing gobject-introspection-runtime...
removing libgirepository...
removing mesa...
removing libdrm...
removing libpciaccess...
removing libglvnd...
removing spirv-tools...
removing lm_sensors...
removing libunwind...
removing jbigkit...
removing libraqm...
removing harfbuzz...
removing graphite...
removing freetype2...
removing llvm-libs...
removing libedit...
removing wayland...
removing default-cursors...
removing libxxf86vm...
removing libxext...
removing libx11...
removing libavif...
removing aom...
removing dav1d...
removing svt-av1...
removing rav1e...
removing libwebp...
removing libyuv...
removing libimagequant...
removing libpng...
removing fribidi...
removing libjpeg-turbo...
removing libxshmfence...
:: Running post-transaction hooks...
(1/2) Reloading system manager configuration...
  Skipped: Current root is not booted.
(2/2) Arming ConditionNeedsUpdate...
